{
    "-profile test_long": {
        "content": [
            9,
            {
                "BUSCO_BUSCO": {
                    "busco": "5.8.3"
                },
                "MEDAKA": {
                    "medaka": "1.4.3"
                },
                "NANOPLOT": {
                    "nanoplot": "1.41.6"
                },
                "PORECHOP_PORECHOP": {
                    "porechop": "0.2.4"
                },
                "PROKKA": {
                    "prokka": "1.14.6"
                },
                "QUAST": {
                    "quast": "5.2.0"
                },
                "TOULLIGQC": {
                    "toulligqc": "2.5.6"
                },
                "UNICYCLER": {
                    "unicycler": "0.5.0"
                },
                "Workflow": {
                    "nf-core/bacass": "v2.5.0dev"
                }
            },
            [
                "Medaka",
                "Medaka/TestMe_polished_genome.fa",
                "Prokka",
                "Prokka/TestMe",
                "Prokka/TestMe/TestMe.err",
                "Prokka/TestMe/TestMe.faa",
                "Prokka/TestMe/TestMe.ffn",
                "Prokka/TestMe/TestMe.fna",
                "Prokka/TestMe/TestMe.fsa",
                "Prokka/TestMe/TestMe.gbk",
                "Prokka/TestMe/TestMe.gff",
                "Prokka/TestMe/TestMe.log",
                "Prokka/TestMe/TestMe.sqn",
                "Prokka/TestMe/TestMe.tbl",
                "Prokka/TestMe/TestMe.tsv",
                "Prokka/TestMe/TestMe.txt",
                "QC_longreads",
                "QC_longreads/NanoPlot",
                "QC_longreads/NanoPlot/LengthvsQualityScatterPlot_dot.html",
                "QC_longreads/NanoPlot/LengthvsQualityScatterPlot_dot.png",
                "QC_longreads/NanoPlot/LengthvsQualityScatterPlot_kde.html",
                "QC_longreads/NanoPlot/LengthvsQualityScatterPlot_kde.png",
                "QC_longreads/NanoPlot/NanoPlot-report.html",
                "QC_longreads/NanoPlot/NanoPlot_20250707_1840.log",
                "QC_longreads/NanoPlot/Non_weightedHistogramReadlength.html",
                "QC_longreads/NanoPlot/Non_weightedHistogramReadlength.png",
                "QC_longreads/NanoPlot/Non_weightedLogTransformed_HistogramReadlength.html",
                "QC_longreads/NanoPlot/Non_weightedLogTransformed_HistogramReadlength.png",
                "QC_longreads/NanoPlot/TestMe.txt",
                "QC_longreads/NanoPlot/WeightedHistogramReadlength.html",
                "QC_longreads/NanoPlot/WeightedHistogramReadlength.png",
                "QC_longreads/NanoPlot/WeightedLogTransformed_HistogramReadlength.html",
                "QC_longreads/NanoPlot/WeightedLogTransformed_HistogramReadlength.png",
                "QC_longreads/NanoPlot/Yield_By_Length.html",
                "QC_longreads/NanoPlot/Yield_By_Length.png",
                "QC_longreads/ToulligQC",
                "QC_longreads/ToulligQC/TestMeToulligqc-report-2025-07-07-184018",
                "QC_longreads/ToulligQC/TestMeToulligqc-report-2025-07-07-184018/images",
                "QC_longreads/ToulligQC/TestMeToulligqc-report-2025-07-07-184018/images/Channel_occupancy_of_the_flowcell.html",
                "QC_longreads/ToulligQC/TestMeToulligqc-report-2025-07-07-184018/images/Correlation_between_read_length_and_PHRED_score.html",
                "QC_longreads/ToulligQC/TestMeToulligqc-report-2025-07-07-184018/images/Distribution_of_read_lengths.html",
                "QC_longreads/ToulligQC/TestMeToulligqc-report-2025-07-07-184018/images/PHRED_score_density_distribution.html",
                "QC_longreads/ToulligQC/TestMeToulligqc-report-2025-07-07-184018/images/PHRED_score_distribution.html",
                "QC_longreads/ToulligQC/TestMeToulligqc-report-2025-07-07-184018/images/PHRED_score_over_time.html",
                "QC_longreads/ToulligQC/TestMeToulligqc-report-2025-07-07-184018/images/Read_count_histogram.html",
                "QC_longreads/ToulligQC/TestMeToulligqc-report-2025-07-07-184018/images/Read_length_over_time.html",
                "QC_longreads/ToulligQC/TestMeToulligqc-report-2025-07-07-184018/images/Yield_plot_through_time.html",
                "QC_longreads/ToulligQC/TestMeToulligqc-report-2025-07-07-184018/images/plotly.min.js",
                "QC_longreads/ToulligQC/TestMeToulligqc-report-2025-07-07-184018/report.data",
                "QC_longreads/ToulligQC/TestMeToulligqc-report-2025-07-07-184018/report.html",
                "QUAST",
                "QUAST/report",
                "QUAST/report/basic_stats",
                "QUAST/report/basic_stats/GC_content_plot.pdf",
                "QUAST/report/basic_stats/Nx_plot.pdf",
                "QUAST/report/basic_stats/TestMe_polished_genome_GC_content_plot.pdf",
                "QUAST/report/basic_stats/cumulative_plot.pdf",
                "QUAST/report/icarus.html",
                "QUAST/report/icarus_viewers",
                "QUAST/report/icarus_viewers/contig_size_viewer.html",
                "QUAST/report/quast.log",
                "QUAST/report/report.html",
                "QUAST/report/report.pdf",
                "QUAST/report/report.tex",
                "QUAST/report/report.tsv",
                "QUAST/report/report.txt",
                "QUAST/report/transposed_report.tex",
                "QUAST/report/transposed_report.tsv",
                "QUAST/report/transposed_report.txt",
                "Unicycler",
                "Unicycler/TestMe.assembly.gfa.gz",
                "Unicycler/TestMe.scaffolds.fa.gz",
                "Unicycler/TestMe.unicycler.log",
                "busco",
                "busco/TestMe-bacteria_odb10-busco",
                "busco/TestMe-bacteria_odb10-busco.batch_summary.txt",
                "busco/TestMe-bacteria_odb10-busco.log",
                "busco/TestMe-bacteria_odb10-busco/TestMe_polished_genome.fa",
                "busco/TestMe-bacteria_odb10-busco/TestMe_polished_genome.fa/logs",
                "busco/TestMe-bacteria_odb10-busco/TestMe_polished_genome.fa/logs/bbtools_err.log",
                "busco/TestMe-bacteria_odb10-busco/TestMe_polished_genome.fa/logs/bbtools_out.log",
                "busco/TestMe-bacteria_odb10-busco/TestMe_polished_genome.fa/logs/hmmsearch_err.log",
                "busco/TestMe-bacteria_odb10-busco/TestMe_polished_genome.fa/logs/hmmsearch_out.log",
                "busco/TestMe-bacteria_odb10-busco/TestMe_polished_genome.fa/logs/prodigal_err.log",
                "busco/TestMe-bacteria_odb10-busco/TestMe_polished_genome.fa/logs/prodigal_out.log",
                "busco/TestMe-bacteria_odb10-busco/TestMe_polished_genome.fa/prodigal_output",
                "busco/TestMe-bacteria_odb10-busco/TestMe_polished_genome.fa/prodigal_output/.checkpoint",
                "busco/TestMe-bacteria_odb10-busco/TestMe_polished_genome.fa/prodigal_output/predicted_genes",
                "busco/TestMe-bacteria_odb10-busco/TestMe_polished_genome.fa/prodigal_output/predicted_genes/predicted.faa",
                "busco/TestMe-bacteria_odb10-busco/TestMe_polished_genome.fa/prodigal_output/predicted_genes/predicted.fna",
                "busco/TestMe-bacteria_odb10-busco/TestMe_polished_genome.fa/prodigal_output/predicted_genes/tmp",
                "busco/TestMe-bacteria_odb10-busco/TestMe_polished_genome.fa/prodigal_output/predicted_genes/tmp/prodigal_mode_single_code_11.faa",
                "busco/TestMe-bacteria_odb10-busco/TestMe_polished_genome.fa/prodigal_output/predicted_genes/tmp/prodigal_mode_single_code_11.fna",
                "busco/TestMe-bacteria_odb10-busco/TestMe_polished_genome.fa/prodigal_output/predicted_genes/tmp/prodigal_mode_single_code_11_err.log",
                "busco/TestMe-bacteria_odb10-busco/TestMe_polished_genome.fa/prodigal_output/predicted_genes/tmp/prodigal_mode_single_code_11_out.log",
                "busco/TestMe-bacteria_odb10-busco/TestMe_polished_genome.fa/prodigal_output/predicted_genes/tmp/prodigal_mode_single_code_4.faa",
                "busco/TestMe-bacteria_odb10-busco/TestMe_polished_genome.fa/prodigal_output/predicted_genes/tmp/prodigal_mode_single_code_4.fna",
                "busco/TestMe-bacteria_odb10-busco/TestMe_polished_genome.fa/prodigal_output/predicted_genes/tmp/prodigal_mode_single_code_4_err.log",
                "busco/TestMe-bacteria_odb10-busco/TestMe_polished_genome.fa/prodigal_output/predicted_genes/tmp/prodigal_mode_single_code_4_out.log",
                "busco/TestMe-bacteria_odb10-busco/TestMe_polished_genome.fa/run_bacteria_odb10",
                "busco/TestMe-bacteria_odb10-busco/TestMe_polished_genome.fa/run_bacteria_odb10/.bbtools_output",
                "busco/TestMe-bacteria_odb10-busco/TestMe_polished_genome.fa/run_bacteria_odb10/.bbtools_output/.checkpoint",
                "busco/TestMe-bacteria_odb10-busco/TestMe_polished_genome.fa/run_bacteria_odb10/busco_sequences",
                "busco/TestMe-bacteria_odb10-busco/TestMe_polished_genome.fa/run_bacteria_odb10/full_table.tsv",
                "busco/TestMe-bacteria_odb10-busco/TestMe_polished_genome.fa/run_bacteria_odb10/hmmer_output",
                "busco/TestMe-bacteria_odb10-busco/TestMe_polished_genome.fa/run_bacteria_odb10/missing_busco_list.tsv",
                "busco/TestMe-bacteria_odb10-busco/TestMe_polished_genome.fa/run_bacteria_odb10/short_summary.json",
                "busco/TestMe-bacteria_odb10-busco/TestMe_polished_genome.fa/run_bacteria_odb10/short_summary.txt",
                "busco/TestMe-bacteria_odb10-busco/logs",
                "busco/busco_downloads",
                "busco/short_summary.specific.bacteria_odb10.TestMe_polished_genome.fa.json",
                "busco/short_summary.specific.bacteria_odb10.TestMe_polished_genome.fa.txt",
                "multiqc",
                "multiqc/multiqc_data",
                "multiqc/multiqc_data/mqc_busco_plot_bacteria_odb10_1.yaml",
                "multiqc/multiqc_data/mqc_nanostat_quality_dist_1.yaml",
                "multiqc/multiqc_data/mqc_porechop-endtrim-barplot_1.yaml",
                "multiqc/multiqc_data/mqc_porechop-middlesplit-barplot_1.yaml",
                "multiqc/multiqc_data/mqc_porechop-starttrim-barplot_1.yaml",
                "multiqc/multiqc_data/mqc_prokka_plot_1.yaml",
                "multiqc/multiqc_data/mqc_quast_num_contigs_1.yaml",
                "multiqc/multiqc_data/multiqc.log",
                "multiqc/multiqc_data/multiqc_busco.yaml",
                "multiqc/multiqc_data/multiqc_citations.yaml",
                "multiqc/multiqc_data/multiqc_data.json",
                "multiqc/multiqc_data/multiqc_general_stats.yaml",
                "multiqc/multiqc_data/multiqc_nanostat.yaml",
                "multiqc/multiqc_data/multiqc_prokka.yaml",
                "multiqc/multiqc_data/multiqc_quast.yaml",
                "multiqc/multiqc_data/multiqc_software_versions.yaml",
                "multiqc/multiqc_data/multiqc_sources.yaml",
                "multiqc/multiqc_data/porechop.yaml",
                "multiqc/multiqc_plots",
                "multiqc/multiqc_plots/pdf",
                "multiqc/multiqc_plots/pdf/mqc_busco_plot_bacteria_odb10_1.pdf",
                "multiqc/multiqc_plots/pdf/mqc_busco_plot_bacteria_odb10_1_pc.pdf",
                "multiqc/multiqc_plots/pdf/mqc_nanostat_quality_dist_1.pdf",
                "multiqc/multiqc_plots/pdf/mqc_nanostat_quality_dist_1_pc.pdf",
                "multiqc/multiqc_plots/pdf/mqc_porechop-endtrim-barplot_1.pdf",
                "multiqc/multiqc_plots/pdf/mqc_porechop-endtrim-barplot_1_pc.pdf",
                "multiqc/multiqc_plots/pdf/mqc_porechop-middlesplit-barplot_1.pdf",
                "multiqc/multiqc_plots/pdf/mqc_porechop-middlesplit-barplot_1_pc.pdf",
                "multiqc/multiqc_plots/pdf/mqc_porechop-starttrim-barplot_1.pdf",
                "multiqc/multiqc_plots/pdf/mqc_porechop-starttrim-barplot_1_pc.pdf",
                "multiqc/multiqc_plots/pdf/mqc_prokka_plot_1.pdf",
                "multiqc/multiqc_plots/pdf/mqc_prokka_plot_1_pc.pdf",
                "multiqc/multiqc_plots/pdf/mqc_quast_num_contigs_1.pdf",
                "multiqc/multiqc_plots/pdf/mqc_quast_num_contigs_1_pc.pdf",
                "multiqc/multiqc_plots/png",
                "multiqc/multiqc_plots/png/mqc_busco_plot_bacteria_odb10_1.png",
                "multiqc/multiqc_plots/png/mqc_busco_plot_bacteria_odb10_1_pc.png",
                "multiqc/multiqc_plots/png/mqc_nanostat_quality_dist_1.png",
                "multiqc/multiqc_plots/png/mqc_nanostat_quality_dist_1_pc.png",
                "multiqc/multiqc_plots/png/mqc_porechop-endtrim-barplot_1.png",
                "multiqc/multiqc_plots/png/mqc_porechop-endtrim-barplot_1_pc.png",
                "multiqc/multiqc_plots/png/mqc_porechop-middlesplit-barplot_1.png",
                "multiqc/multiqc_plots/png/mqc_porechop-middlesplit-barplot_1_pc.png",
                "multiqc/multiqc_plots/png/mqc_porechop-starttrim-barplot_1.png",
                "multiqc/multiqc_plots/png/mqc_porechop-starttrim-barplot_1_pc.png",
                "multiqc/multiqc_plots/png/mqc_prokka_plot_1.png",
                "multiqc/multiqc_plots/png/mqc_prokka_plot_1_pc.png",
                "multiqc/multiqc_plots/png/mqc_quast_num_contigs_1.png",
                "multiqc/multiqc_plots/png/mqc_quast_num_contigs_1_pc.png",
                "multiqc/multiqc_plots/svg",
                "multiqc/multiqc_plots/svg/mqc_busco_plot_bacteria_odb10_1.svg",
                "multiqc/multiqc_plots/svg/mqc_busco_plot_bacteria_odb10_1_pc.svg",
                "multiqc/multiqc_plots/svg/mqc_nanostat_quality_dist_1.svg",
                "multiqc/multiqc_plots/svg/mqc_nanostat_quality_dist_1_pc.svg",
                "multiqc/multiqc_plots/svg/mqc_porechop-endtrim-barplot_1.svg",
                "multiqc/multiqc_plots/svg/mqc_porechop-endtrim-barplot_1_pc.svg",
                "multiqc/multiqc_plots/svg/mqc_porechop-middlesplit-barplot_1.svg",
                "multiqc/multiqc_plots/svg/mqc_porechop-middlesplit-barplot_1_pc.svg",
                "multiqc/multiqc_plots/svg/mqc_porechop-starttrim-barplot_1.svg",
                "multiqc/multiqc_plots/svg/mqc_porechop-starttrim-barplot_1_pc.svg",
                "multiqc/multiqc_plots/svg/mqc_prokka_plot_1.svg",
                "multiqc/multiqc_plots/svg/mqc_prokka_plot_1_pc.svg",
                "multiqc/multiqc_plots/svg/mqc_quast_num_contigs_1.svg",
                "multiqc/multiqc_plots/svg/mqc_quast_num_contigs_1_pc.svg",
                "multiqc/multiqc_report.html",
                "pipeline_info",
                "pipeline_info/nf_core_bacass_software_mqc_versions.yml",
                "trimming",
                "trimming/longreads",
                "trimming/longreads/porechop",
                "trimming/longreads/porechop/TestMe.porechop.log"
            ],
            [
                "TestMe_polished_genome.fa:md5,540227635ff30f0225ea4be62ed29df5",
                "TestMe.faa:md5,e8267b3a57e7a8759acf7446f28e4f12",
                "TestMe.ffn:md5,b9428be09777ab33ae96c34002d01a46",
                "TestMe.fna:md5,780d2cd163b003645da0dd4998ca872f",
                "TestMe.fsa:md5,80b7be16bb312acd27138b7d0b067371",
                "TestMe.gff:md5,70323662b261a59d71d586237fc3b1dd",
                "TestMe.tbl:md5,f0223eba7cda9883f2a365f1a3c0cd57",
                "TestMe.tsv:md5,0605e0223288cc5b0ef26751eaa03d8b",
                "TestMe.txt:md5,7d512699ecf2377b41dddf5528a6074f",
                "LengthvsQualityScatterPlot_dot.html:md5,55b524399e0149f24214812d9326935f",
                "LengthvsQualityScatterPlot_dot.png:md5,7ba5cb54c5f7689a1b05f2a6e0b412c4",
                "LengthvsQualityScatterPlot_kde.html:md5,118317b44f1a379ec6d6d839ef9acd01",
                "LengthvsQualityScatterPlot_kde.png:md5,ec2880cdcc6d05e993eb0f0ebd736d88",
                "NanoPlot-report.html:md5,2384a483bfcd72341f36ac161eb882fc",
                "NanoPlot_20250707_1840.log:md5,d3d4981e5240354243d13d677ba2a3e4",
                "Non_weightedHistogramReadlength.html:md5,cd0ca0b4e82182718fcc455ad73e4185",
                "Non_weightedHistogramReadlength.png:md5,4a88af0963bea753816871ab2415c146",
                "Non_weightedLogTransformed_HistogramReadlength.html:md5,0684e1de9aa7df07bcb2564d32df851b",
                "Non_weightedLogTransformed_HistogramReadlength.png:md5,45cf40406afcd811446dee42e7bce6de",
                "TestMe.txt:md5,07cbf8b60376bfec28d3dfdbadc7d0e9",
                "WeightedHistogramReadlength.html:md5,3051616b7131948213a60208972fd414",
                "WeightedHistogramReadlength.png:md5,781f3c14ffd74744a7534e5b4d5135a1",
                "WeightedLogTransformed_HistogramReadlength.html:md5,34c35e7263a7c8672e86745fb180785f",
                "WeightedLogTransformed_HistogramReadlength.png:md5,206cc08d2f5e84dbd24300566c144c31",
                "Yield_By_Length.html:md5,9d01569ea31b35b370da67d1034f965f",
                "Yield_By_Length.png:md5,3d53873f120f37fde9a541b17a23d69b",
                "Channel_occupancy_of_the_flowcell.html:md5,1da684e85348e832a803f9bfc77a7b5c",
                "Correlation_between_read_length_and_PHRED_score.html:md5,3ef3c1594414ff514498804110de2d2a",
                "Distribution_of_read_lengths.html:md5,a7a4e53cee2f575edc8282588e3a9fe6",
                "PHRED_score_density_distribution.html:md5,c540c14194c1e8aed4673c6aea281dbc",
                "PHRED_score_distribution.html:md5,d09c3bb0088db08f541e73c6517d6481",
                "PHRED_score_over_time.html:md5,99e3dc72b36d513411f09579a9416e91",
                "Read_count_histogram.html:md5,a4d42e02d53a5245da663eefa6ca7c0e",
                "Read_length_over_time.html:md5,34f871d1404671bdf92529eb765c0804",
                "Yield_plot_through_time.html:md5,7bb5724d3063d58c36ab2e4dde8eae25",
                "plotly.min.js:md5,059f6ecfa3930aa0b85b6ef4591390e4",
                "report.data:md5,ae842a9158d8fd745c820b83616d89d5",
                "report.html:md5,fbef08e1b6bf5b9adb5e8477e6c7d558",
                "TestMe.assembly.gfa.gz:md5,23a7fcda434d9d31bc77c88db004f2f8",
                "TestMe.scaffolds.fa.gz:md5,0f8a3007f245df1870c892ed11a60f94",
                "TestMe-bacteria_odb10-busco.log:md5,b069f27f17602d7cfec21162ff780f74",
                "predicted.faa:md5,bbbbea291ac723641fd0dac2622c4ad6",
                "predicted.fna:md5,bcb2e8c5028d58cd02bbbef48c9b32ff",
                "prodigal_mode_single_code_11.faa:md5,37cb1a2b36590d9797a34f1af768a6b2",
                "prodigal_mode_single_code_11.fna:md5,4e524996faba75f510066538561945b6",
                "prodigal_mode_single_code_4.faa:md5,394b84f41dfac67320a86c5f1ef568ae",
                "prodigal_mode_single_code_4.fna:md5,bcb2e8c5028d58cd02bbbef48c9b32ff",
                "full_table.tsv:md5,ba268ac1e6e2932cf31da37b8718d4da",
                "missing_busco_list.tsv:md5,87cd16a4ee15f96c3d5671ef39f6e417",
                "short_summary.specific.bacteria_odb10.TestMe_polished_genome.fa.json:md5,4c394bc1555895c4721962882981c9b2",
                "short_summary.specific.bacteria_odb10.TestMe_polished_genome.fa.txt:md5,4c133639191fda2f69e8cb6557032bd8",
                "mqc_busco_plot_bacteria_odb10_1.yaml:md5,f4a956664f60d63198a7d2e006919e95",
                "mqc_nanostat_quality_dist_1.yaml:md5,56c27ab1c9f26bd454e5db00f1c3d573",
                "mqc_porechop-endtrim-barplot_1.yaml:md5,01be4aa5df6783634f6e8bb8208f550d",
                "mqc_porechop-middlesplit-barplot_1.yaml:md5,d7c6c6307fa5a50527bd1aa179c0dab5",
                "mqc_porechop-starttrim-barplot_1.yaml:md5,af425e12dc2f12ca3a611f24ec8cd5b7",
                "mqc_prokka_plot_1.yaml:md5,7608a182fb8bcf98de3ced5a735af47c",
                "mqc_quast_num_contigs_1.yaml:md5,aeb770bd1b8e8136a686ffb49a44c2fe",
                "multiqc_busco.yaml:md5,f1b72e7b15508572a622adb37acd7d6f",
                "multiqc_citations.yaml:md5,80450f20190a42871cb64f62ae9bec3e",
                "multiqc_general_stats.yaml:md5,294351007a56c8361d56eda4ebad5be2",
                "multiqc_nanostat.yaml:md5,044869a9bdb292fbbd0e5a285739aa53",
                "multiqc_prokka.yaml:md5,0223829d085a98e6819241380e8f2ae9",
                "multiqc_quast.yaml:md5,696a51d7f09aafbf1632cee2821c8bc3",
                "porechop.yaml:md5,403a3ef2261ef90756f67fc78b4ce556",
                "TestMe.porechop.log:md5,b1c238975cd7e3f36a08b23a623ec4f6"
            ]
        ],
        "meta": {
            "nf-test": "0.9.2",
            "nextflow": "25.04.2"
        },
        "timestamp": "2025-07-07T18:44:11.221082898"
    }
}