{
    "-profile test_long_dragonflye": {
        "content": [
            9,
            {
                "BUSCO_BUSCO": {
                    "busco": "5.8.3"
                },
                "DRAGONFLYE": {
                    "dragonflye": "1.2.1"
                },
                "MEDAKA": {
                    "medaka": "1.4.3"
                },
                "NANOPLOT": {
                    "nanoplot": "1.46.1"
                },
                "PORECHOP_PORECHOP": {
                    "porechop": "0.2.4"
                },
                "PROKKA": {
                    "prokka": "1.14.6"
                },
                "QUAST": {
                    "quast": "5.2.0"
                },
                "TOULLIGQC": {
                    "toulligqc": "2.7.1"
                },
                "Workflow": {
                    "nf-core/bacass": "v2.5.0"
                }
            },
            [
                "Dragonflye",
                "Dragonflye/TestMe.dragonflye.log",
                "Dragonflye/TestMe.fa",
                "Dragonflye/TestMe.reoriented.fa",
                "Medaka",
                "Medaka/TestMe_polished_genome.fa",
                "Prokka",
                "Prokka/TestMe",
                "Prokka/TestMe/TestMe.err",
                "Prokka/TestMe/TestMe.faa",
                "Prokka/TestMe/TestMe.ffn",
                "Prokka/TestMe/TestMe.fna",
                "Prokka/TestMe/TestMe.fsa",
                "Prokka/TestMe/TestMe.gbk",
                "Prokka/TestMe/TestMe.gff",
                "Prokka/TestMe/TestMe.log",
                "Prokka/TestMe/TestMe.sqn",
                "Prokka/TestMe/TestMe.tbl",
                "Prokka/TestMe/TestMe.tsv",
                "Prokka/TestMe/TestMe.txt",
                "QC_longreads",
                "QC_longreads/NanoPlot",
                "QC_longreads/NanoPlot/LengthvsQualityScatterPlot_dot.html",
                "QC_longreads/NanoPlot/LengthvsQualityScatterPlot_kde.html",
                "QC_longreads/NanoPlot/NanoPlot-report.html",
                "QC_longreads/NanoPlot/Non_weightedHistogramReadlength.html",
                "QC_longreads/NanoPlot/Non_weightedLogTransformed_HistogramReadlength.html",
                "QC_longreads/NanoPlot/TestMe.txt",
                "QC_longreads/NanoPlot/WeightedHistogramReadlength.html",
                "QC_longreads/NanoPlot/WeightedLogTransformed_HistogramReadlength.html",
                "QC_longreads/NanoPlot/Yield_By_Length.html",
                "QC_longreads/ToulligQC",
                "QUAST",
                "QUAST/report",
                "QUAST/report/basic_stats",
                "QUAST/report/basic_stats/GC_content_plot.pdf",
                "QUAST/report/basic_stats/Nx_plot.pdf",
                "QUAST/report/basic_stats/TestMe_polished_genome_GC_content_plot.pdf",
                "QUAST/report/basic_stats/cumulative_plot.pdf",
                "QUAST/report/icarus.html",
                "QUAST/report/icarus_viewers",
                "QUAST/report/icarus_viewers/contig_size_viewer.html",
                "QUAST/report/quast.log",
                "QUAST/report/report.html",
                "QUAST/report/report.pdf",
                "QUAST/report/report.tex",
                "QUAST/report/report.tsv",
                "QUAST/report/report.txt",
                "QUAST/report/transposed_report.tex",
                "QUAST/report/transposed_report.tsv",
                "QUAST/report/transposed_report.txt",
                "busco",
                "busco/TestMe-bacteria_odb10-busco",
                "busco/TestMe-bacteria_odb10-busco.batch_summary.txt",
                "busco/TestMe-bacteria_odb10-busco.log",
                "busco/TestMe-bacteria_odb10-busco/TestMe_polished_genome.fa",
                "busco/TestMe-bacteria_odb10-busco/TestMe_polished_genome.fa/logs",
                "busco/TestMe-bacteria_odb10-busco/TestMe_polished_genome.fa/logs/bbtools_err.log",
                "busco/TestMe-bacteria_odb10-busco/TestMe_polished_genome.fa/logs/bbtools_out.log",
                "busco/TestMe-bacteria_odb10-busco/TestMe_polished_genome.fa/logs/hmmsearch_err.log",
                "busco/TestMe-bacteria_odb10-busco/TestMe_polished_genome.fa/logs/hmmsearch_out.log",
                "busco/TestMe-bacteria_odb10-busco/TestMe_polished_genome.fa/logs/prodigal_err.log",
                "busco/TestMe-bacteria_odb10-busco/TestMe_polished_genome.fa/logs/prodigal_out.log",
                "busco/TestMe-bacteria_odb10-busco/TestMe_polished_genome.fa/prodigal_output",
                "busco/TestMe-bacteria_odb10-busco/TestMe_polished_genome.fa/prodigal_output/.checkpoint",
                "busco/TestMe-bacteria_odb10-busco/TestMe_polished_genome.fa/prodigal_output/predicted_genes",
                "busco/TestMe-bacteria_odb10-busco/TestMe_polished_genome.fa/prodigal_output/predicted_genes/predicted.faa",
                "busco/TestMe-bacteria_odb10-busco/TestMe_polished_genome.fa/prodigal_output/predicted_genes/predicted.fna",
                "busco/TestMe-bacteria_odb10-busco/TestMe_polished_genome.fa/prodigal_output/predicted_genes/tmp",
                "busco/TestMe-bacteria_odb10-busco/TestMe_polished_genome.fa/prodigal_output/predicted_genes/tmp/prodigal_mode_single_code_11.faa",
                "busco/TestMe-bacteria_odb10-busco/TestMe_polished_genome.fa/prodigal_output/predicted_genes/tmp/prodigal_mode_single_code_11.fna",
                "busco/TestMe-bacteria_odb10-busco/TestMe_polished_genome.fa/prodigal_output/predicted_genes/tmp/prodigal_mode_single_code_11_err.log",
                "busco/TestMe-bacteria_odb10-busco/TestMe_polished_genome.fa/prodigal_output/predicted_genes/tmp/prodigal_mode_single_code_11_out.log",
                "busco/TestMe-bacteria_odb10-busco/TestMe_polished_genome.fa/prodigal_output/predicted_genes/tmp/prodigal_mode_single_code_4.faa",
                "busco/TestMe-bacteria_odb10-busco/TestMe_polished_genome.fa/prodigal_output/predicted_genes/tmp/prodigal_mode_single_code_4.fna",
                "busco/TestMe-bacteria_odb10-busco/TestMe_polished_genome.fa/prodigal_output/predicted_genes/tmp/prodigal_mode_single_code_4_err.log",
                "busco/TestMe-bacteria_odb10-busco/TestMe_polished_genome.fa/prodigal_output/predicted_genes/tmp/prodigal_mode_single_code_4_out.log",
                "busco/TestMe-bacteria_odb10-busco/TestMe_polished_genome.fa/run_bacteria_odb10",
                "busco/TestMe-bacteria_odb10-busco/TestMe_polished_genome.fa/run_bacteria_odb10/.bbtools_output",
                "busco/TestMe-bacteria_odb10-busco/TestMe_polished_genome.fa/run_bacteria_odb10/.bbtools_output/.checkpoint",
                "busco/TestMe-bacteria_odb10-busco/TestMe_polished_genome.fa/run_bacteria_odb10/busco_sequences",
                "busco/TestMe-bacteria_odb10-busco/TestMe_polished_genome.fa/run_bacteria_odb10/full_table.tsv",
                "busco/TestMe-bacteria_odb10-busco/TestMe_polished_genome.fa/run_bacteria_odb10/hmmer_output",
                "busco/TestMe-bacteria_odb10-busco/TestMe_polished_genome.fa/run_bacteria_odb10/missing_busco_list.tsv",
                "busco/TestMe-bacteria_odb10-busco/TestMe_polished_genome.fa/run_bacteria_odb10/short_summary.json",
                "busco/TestMe-bacteria_odb10-busco/TestMe_polished_genome.fa/run_bacteria_odb10/short_summary.txt",
                "busco/TestMe-bacteria_odb10-busco/logs",
                "busco/busco_downloads",
                "busco/short_summary.specific.bacteria_odb10.TestMe_polished_genome.fa.json",
                "busco/short_summary.specific.bacteria_odb10.TestMe_polished_genome.fa.txt",
                "multiqc",
                "multiqc/multiqc_data",
                "multiqc/multiqc_data/mqc_busco_plot_bacteria_odb10_1.yaml",
                "multiqc/multiqc_data/mqc_porechop-endtrim-barplot_1.yaml",
                "multiqc/multiqc_data/mqc_porechop-middlesplit-barplot_1.yaml",
                "multiqc/multiqc_data/mqc_porechop-starttrim-barplot_1.yaml",
                "multiqc/multiqc_data/mqc_prokka_plot_1.yaml",
                "multiqc/multiqc_data/mqc_quast_num_contigs_1.yaml",
                "multiqc/multiqc_data/multiqc.log",
                "multiqc/multiqc_data/multiqc_busco.yaml",
                "multiqc/multiqc_data/multiqc_citations.yaml",
                "multiqc/multiqc_data/multiqc_data.json",
                "multiqc/multiqc_data/multiqc_general_stats.yaml",
                "multiqc/multiqc_data/multiqc_nanostat.yaml",
                "multiqc/multiqc_data/multiqc_prokka.yaml",
                "multiqc/multiqc_data/multiqc_quast.yaml",
                "multiqc/multiqc_data/multiqc_software_versions.yaml",
                "multiqc/multiqc_data/multiqc_sources.yaml",
                "multiqc/multiqc_data/porechop.yaml",
                "multiqc/multiqc_plots",
                "multiqc/multiqc_plots/pdf",
                "multiqc/multiqc_plots/pdf/mqc_busco_plot_bacteria_odb10_1.pdf",
                "multiqc/multiqc_plots/pdf/mqc_busco_plot_bacteria_odb10_1_pc.pdf",
                "multiqc/multiqc_plots/pdf/mqc_porechop-endtrim-barplot_1.pdf",
                "multiqc/multiqc_plots/pdf/mqc_porechop-endtrim-barplot_1_pc.pdf",
                "multiqc/multiqc_plots/pdf/mqc_porechop-middlesplit-barplot_1.pdf",
                "multiqc/multiqc_plots/pdf/mqc_porechop-middlesplit-barplot_1_pc.pdf",
                "multiqc/multiqc_plots/pdf/mqc_porechop-starttrim-barplot_1.pdf",
                "multiqc/multiqc_plots/pdf/mqc_porechop-starttrim-barplot_1_pc.pdf",
                "multiqc/multiqc_plots/pdf/mqc_prokka_plot_1.pdf",
                "multiqc/multiqc_plots/pdf/mqc_prokka_plot_1_pc.pdf",
                "multiqc/multiqc_plots/pdf/mqc_quast_num_contigs_1.pdf",
                "multiqc/multiqc_plots/pdf/mqc_quast_num_contigs_1_pc.pdf",
                "multiqc/multiqc_plots/png",
                "multiqc/multiqc_plots/png/mqc_busco_plot_bacteria_odb10_1.png",
                "multiqc/multiqc_plots/png/mqc_busco_plot_bacteria_odb10_1_pc.png",
                "multiqc/multiqc_plots/png/mqc_porechop-endtrim-barplot_1.png",
                "multiqc/multiqc_plots/png/mqc_porechop-endtrim-barplot_1_pc.png",
                "multiqc/multiqc_plots/png/mqc_porechop-middlesplit-barplot_1.png",
                "multiqc/multiqc_plots/png/mqc_porechop-middlesplit-barplot_1_pc.png",
                "multiqc/multiqc_plots/png/mqc_porechop-starttrim-barplot_1.png",
                "multiqc/multiqc_plots/png/mqc_porechop-starttrim-barplot_1_pc.png",
                "multiqc/multiqc_plots/png/mqc_prokka_plot_1.png",
                "multiqc/multiqc_plots/png/mqc_prokka_plot_1_pc.png",
                "multiqc/multiqc_plots/png/mqc_quast_num_contigs_1.png",
                "multiqc/multiqc_plots/png/mqc_quast_num_contigs_1_pc.png",
                "multiqc/multiqc_plots/svg",
                "multiqc/multiqc_plots/svg/mqc_busco_plot_bacteria_odb10_1.svg",
                "multiqc/multiqc_plots/svg/mqc_busco_plot_bacteria_odb10_1_pc.svg",
                "multiqc/multiqc_plots/svg/mqc_porechop-endtrim-barplot_1.svg",
                "multiqc/multiqc_plots/svg/mqc_porechop-endtrim-barplot_1_pc.svg",
                "multiqc/multiqc_plots/svg/mqc_porechop-middlesplit-barplot_1.svg",
                "multiqc/multiqc_plots/svg/mqc_porechop-middlesplit-barplot_1_pc.svg",
                "multiqc/multiqc_plots/svg/mqc_porechop-starttrim-barplot_1.svg",
                "multiqc/multiqc_plots/svg/mqc_porechop-starttrim-barplot_1_pc.svg",
                "multiqc/multiqc_plots/svg/mqc_prokka_plot_1.svg",
                "multiqc/multiqc_plots/svg/mqc_prokka_plot_1_pc.svg",
                "multiqc/multiqc_plots/svg/mqc_quast_num_contigs_1.svg",
                "multiqc/multiqc_plots/svg/mqc_quast_num_contigs_1_pc.svg",
                "multiqc/multiqc_report.html",
                "pipeline_info",
                "pipeline_info/nf_core_bacass_software_mqc_versions.yml",
                "trimming",
                "trimming/longreads",
                "trimming/longreads/porechop",
                "trimming/longreads/porechop/TestMe.porechop.log"
            ],
            [
                "mqc_porechop-endtrim-barplot_1.yaml:md5,01be4aa5df6783634f6e8bb8208f550d",
                "mqc_porechop-middlesplit-barplot_1.yaml:md5,d7c6c6307fa5a50527bd1aa179c0dab5",
                "mqc_porechop-starttrim-barplot_1.yaml:md5,af425e12dc2f12ca3a611f24ec8cd5b7",
                "multiqc_citations.yaml:md5,80450f20190a42871cb64f62ae9bec3e",
                "multiqc_nanostat.yaml:md5,3707e05541222ccbe609d6b751f33d0d"
            ]
        ],
        "meta": {
            "nf-test": "0.9.2",
            "nextflow": "25.04.6"
        },
        "timestamp": "2025-09-04T15:41:30.160317512"
    }
}