{
    "-profile test_long_miniasm": {
        "content": [
            14,
            {
                "BUSCO_BUSCO": {
                    "busco": "5.8.3"
                },
                "KRAKEN2_DB_PREPARATION": {
                    "tar": null
                },
                "KRAKEN2_LONG": {
                    "kraken2": "2.1.2",
                    "pigz": 2.6
                },
                "MEDAKA": {
                    "medaka": "1.4.3"
                },
                "MINIASM": {
                    "miniasm": "0.3-r179"
                },
                "MINIMAP2_ALIGN": {
                    "minimap2": "2.24-r1122"
                },
                "MINIMAP2_CONSENSUS": {
                    "minimap2": "2.24-r1122"
                },
                "NANOPLOT": {
                    "nanoplot": "1.46.1"
                },
                "PORECHOP_PORECHOP": {
                    "porechop": "0.2.4"
                },
                "PROKKA": {
                    "prokka": "1.14.6"
                },
                "QUAST": {
                    "quast": "5.2.0"
                },
                "RACON": {
                    "racon": "1.4.20"
                },
                "TOULLIGQC": {
                    "toulligqc": "2.5.6"
                },
                "Workflow": {
                    "nf-core/bacass": "v2.5.0"
                }
            },
            [
                "Medaka",
                "Medaka/TestMe_polished_genome.fa",
                "Miniasm",
                "Miniasm/TestMe.consensus.fasta.gz",
                "Miniasm/TestMe.fasta.gz",
                "Prokka",
                "Prokka/TestMe",
                "Prokka/TestMe/TestMe.err",
                "Prokka/TestMe/TestMe.faa",
                "Prokka/TestMe/TestMe.ffn",
                "Prokka/TestMe/TestMe.fna",
                "Prokka/TestMe/TestMe.fsa",
                "Prokka/TestMe/TestMe.gbk",
                "Prokka/TestMe/TestMe.gff",
                "Prokka/TestMe/TestMe.log",
                "Prokka/TestMe/TestMe.sqn",
                "Prokka/TestMe/TestMe.tbl",
                "Prokka/TestMe/TestMe.tsv",
                "Prokka/TestMe/TestMe.txt",
                "QC_longreads",
                "QC_longreads/NanoPlot",
                "QC_longreads/NanoPlot/LengthvsQualityScatterPlot_dot.html",
                "QC_longreads/NanoPlot/LengthvsQualityScatterPlot_kde.html",
                "QC_longreads/NanoPlot/NanoPlot-report.html",
                "QC_longreads/NanoPlot/Non_weightedHistogramReadlength.html",
                "QC_longreads/NanoPlot/Non_weightedLogTransformed_HistogramReadlength.html",
                "QC_longreads/NanoPlot/TestMe.txt",
                "QC_longreads/NanoPlot/WeightedHistogramReadlength.html",
                "QC_longreads/NanoPlot/WeightedLogTransformed_HistogramReadlength.html",
                "QC_longreads/NanoPlot/Yield_By_Length.html",
                "QC_longreads/ToulligQC",
                "QUAST",
                "QUAST/report",
                "QUAST/report/basic_stats",
                "QUAST/report/basic_stats/GC_content_plot.pdf",
                "QUAST/report/basic_stats/Nx_plot.pdf",
                "QUAST/report/basic_stats/TestMe_polished_genome_GC_content_plot.pdf",
                "QUAST/report/basic_stats/cumulative_plot.pdf",
                "QUAST/report/icarus.html",
                "QUAST/report/icarus_viewers",
                "QUAST/report/icarus_viewers/contig_size_viewer.html",
                "QUAST/report/quast.log",
                "QUAST/report/report.html",
                "QUAST/report/report.pdf",
                "QUAST/report/report.tex",
                "QUAST/report/report.tsv",
                "QUAST/report/report.txt",
                "QUAST/report/transposed_report.tex",
                "QUAST/report/transposed_report.tsv",
                "QUAST/report/transposed_report.txt",
                "busco",
                "busco/TestMe-bacteria_odb10-busco",
                "busco/TestMe-bacteria_odb10-busco.batch_summary.txt",
                "busco/TestMe-bacteria_odb10-busco.log",
                "busco/TestMe-bacteria_odb10-busco/TestMe_polished_genome.fa",
                "busco/TestMe-bacteria_odb10-busco/TestMe_polished_genome.fa/logs",
                "busco/TestMe-bacteria_odb10-busco/TestMe_polished_genome.fa/logs/bbtools_err.log",
                "busco/TestMe-bacteria_odb10-busco/TestMe_polished_genome.fa/logs/bbtools_out.log",
                "busco/TestMe-bacteria_odb10-busco/TestMe_polished_genome.fa/logs/hmmsearch_err.log",
                "busco/TestMe-bacteria_odb10-busco/TestMe_polished_genome.fa/logs/hmmsearch_out.log",
                "busco/TestMe-bacteria_odb10-busco/TestMe_polished_genome.fa/logs/prodigal_err.log",
                "busco/TestMe-bacteria_odb10-busco/TestMe_polished_genome.fa/logs/prodigal_out.log",
                "busco/TestMe-bacteria_odb10-busco/TestMe_polished_genome.fa/prodigal_output",
                "busco/TestMe-bacteria_odb10-busco/TestMe_polished_genome.fa/prodigal_output/.checkpoint",
                "busco/TestMe-bacteria_odb10-busco/TestMe_polished_genome.fa/prodigal_output/predicted_genes",
                "busco/TestMe-bacteria_odb10-busco/TestMe_polished_genome.fa/prodigal_output/predicted_genes/predicted.faa",
                "busco/TestMe-bacteria_odb10-busco/TestMe_polished_genome.fa/prodigal_output/predicted_genes/predicted.fna",
                "busco/TestMe-bacteria_odb10-busco/TestMe_polished_genome.fa/prodigal_output/predicted_genes/tmp",
                "busco/TestMe-bacteria_odb10-busco/TestMe_polished_genome.fa/prodigal_output/predicted_genes/tmp/prodigal_mode_single_code_11.faa",
                "busco/TestMe-bacteria_odb10-busco/TestMe_polished_genome.fa/prodigal_output/predicted_genes/tmp/prodigal_mode_single_code_11.fna",
                "busco/TestMe-bacteria_odb10-busco/TestMe_polished_genome.fa/prodigal_output/predicted_genes/tmp/prodigal_mode_single_code_11_err.log",
                "busco/TestMe-bacteria_odb10-busco/TestMe_polished_genome.fa/prodigal_output/predicted_genes/tmp/prodigal_mode_single_code_11_out.log",
                "busco/TestMe-bacteria_odb10-busco/TestMe_polished_genome.fa/run_bacteria_odb10",
                "busco/TestMe-bacteria_odb10-busco/TestMe_polished_genome.fa/run_bacteria_odb10/.bbtools_output",
                "busco/TestMe-bacteria_odb10-busco/TestMe_polished_genome.fa/run_bacteria_odb10/.bbtools_output/.checkpoint",
                "busco/TestMe-bacteria_odb10-busco/TestMe_polished_genome.fa/run_bacteria_odb10/busco_sequences",
                "busco/TestMe-bacteria_odb10-busco/TestMe_polished_genome.fa/run_bacteria_odb10/full_table.tsv",
                "busco/TestMe-bacteria_odb10-busco/TestMe_polished_genome.fa/run_bacteria_odb10/hmmer_output",
                "busco/TestMe-bacteria_odb10-busco/TestMe_polished_genome.fa/run_bacteria_odb10/missing_busco_list.tsv",
                "busco/TestMe-bacteria_odb10-busco/TestMe_polished_genome.fa/run_bacteria_odb10/short_summary.json",
                "busco/TestMe-bacteria_odb10-busco/TestMe_polished_genome.fa/run_bacteria_odb10/short_summary.txt",
                "busco/TestMe-bacteria_odb10-busco/logs",
                "busco/busco_downloads",
                "busco/short_summary.specific.bacteria_odb10.TestMe_polished_genome.fa.json",
                "busco/short_summary.specific.bacteria_odb10.TestMe_polished_genome.fa.txt",
                "kraken2",
                "kraken2/TestMe_longreads.txt",
                "multiqc",
                "multiqc/multiqc_data",
                "multiqc/multiqc_data/mqc_busco_plot_bacteria_odb10_1.yaml",
                "multiqc/multiqc_data/mqc_kraken-top-n-plot_Class.yaml",
                "multiqc/multiqc_data/mqc_kraken-top-n-plot_Domain.yaml",
                "multiqc/multiqc_data/mqc_kraken-top-n-plot_Family.yaml",
                "multiqc/multiqc_data/mqc_kraken-top-n-plot_Genus.yaml",
                "multiqc/multiqc_data/mqc_kraken-top-n-plot_Order.yaml",
                "multiqc/multiqc_data/mqc_kraken-top-n-plot_Phylum.yaml",
                "multiqc/multiqc_data/mqc_kraken-top-n-plot_Root.yaml",
                "multiqc/multiqc_data/mqc_kraken-top-n-plot_Species.yaml",
                "multiqc/multiqc_data/mqc_kraken-top-n-plot_Unclassified.yaml",
                "multiqc/multiqc_data/mqc_porechop-endtrim-barplot_1.yaml",
                "multiqc/multiqc_data/mqc_porechop-middlesplit-barplot_1.yaml",
                "multiqc/multiqc_data/mqc_porechop-starttrim-barplot_1.yaml",
                "multiqc/multiqc_data/mqc_prokka_plot_1.yaml",
                "multiqc/multiqc_data/mqc_quast_num_contigs_1.yaml",
                "multiqc/multiqc_data/multiqc.log",
                "multiqc/multiqc_data/multiqc_busco.yaml",
                "multiqc/multiqc_data/multiqc_citations.yaml",
                "multiqc/multiqc_data/multiqc_data.json",
                "multiqc/multiqc_data/multiqc_general_stats.yaml",
                "multiqc/multiqc_data/multiqc_kraken.yaml",
                "multiqc/multiqc_data/multiqc_nanostat.yaml",
                "multiqc/multiqc_data/multiqc_prokka.yaml",
                "multiqc/multiqc_data/multiqc_quast.yaml",
                "multiqc/multiqc_data/multiqc_software_versions.yaml",
                "multiqc/multiqc_data/multiqc_sources.yaml",
                "multiqc/multiqc_data/porechop.yaml",
                "multiqc/multiqc_plots",
                "multiqc/multiqc_plots/pdf",
                "multiqc/multiqc_plots/pdf/mqc_busco_plot_bacteria_odb10_1.pdf",
                "multiqc/multiqc_plots/pdf/mqc_busco_plot_bacteria_odb10_1_pc.pdf",
                "multiqc/multiqc_plots/pdf/mqc_kraken-top-n-plot_Class.pdf",
                "multiqc/multiqc_plots/pdf/mqc_kraken-top-n-plot_Class_pc.pdf",
                "multiqc/multiqc_plots/pdf/mqc_kraken-top-n-plot_Domain.pdf",
                "multiqc/multiqc_plots/pdf/mqc_kraken-top-n-plot_Domain_pc.pdf",
                "multiqc/multiqc_plots/pdf/mqc_kraken-top-n-plot_Family.pdf",
                "multiqc/multiqc_plots/pdf/mqc_kraken-top-n-plot_Family_pc.pdf",
                "multiqc/multiqc_plots/pdf/mqc_kraken-top-n-plot_Genus.pdf",
                "multiqc/multiqc_plots/pdf/mqc_kraken-top-n-plot_Genus_pc.pdf",
                "multiqc/multiqc_plots/pdf/mqc_kraken-top-n-plot_Order.pdf",
                "multiqc/multiqc_plots/pdf/mqc_kraken-top-n-plot_Order_pc.pdf",
                "multiqc/multiqc_plots/pdf/mqc_kraken-top-n-plot_Phylum.pdf",
                "multiqc/multiqc_plots/pdf/mqc_kraken-top-n-plot_Phylum_pc.pdf",
                "multiqc/multiqc_plots/pdf/mqc_kraken-top-n-plot_Root.pdf",
                "multiqc/multiqc_plots/pdf/mqc_kraken-top-n-plot_Root_pc.pdf",
                "multiqc/multiqc_plots/pdf/mqc_kraken-top-n-plot_Species.pdf",
                "multiqc/multiqc_plots/pdf/mqc_kraken-top-n-plot_Species_pc.pdf",
                "multiqc/multiqc_plots/pdf/mqc_kraken-top-n-plot_Unclassified.pdf",
                "multiqc/multiqc_plots/pdf/mqc_kraken-top-n-plot_Unclassified_pc.pdf",
                "multiqc/multiqc_plots/pdf/mqc_porechop-endtrim-barplot_1.pdf",
                "multiqc/multiqc_plots/pdf/mqc_porechop-endtrim-barplot_1_pc.pdf",
                "multiqc/multiqc_plots/pdf/mqc_porechop-middlesplit-barplot_1.pdf",
                "multiqc/multiqc_plots/pdf/mqc_porechop-middlesplit-barplot_1_pc.pdf",
                "multiqc/multiqc_plots/pdf/mqc_porechop-starttrim-barplot_1.pdf",
                "multiqc/multiqc_plots/pdf/mqc_porechop-starttrim-barplot_1_pc.pdf",
                "multiqc/multiqc_plots/pdf/mqc_prokka_plot_1.pdf",
                "multiqc/multiqc_plots/pdf/mqc_prokka_plot_1_pc.pdf",
                "multiqc/multiqc_plots/pdf/mqc_quast_num_contigs_1.pdf",
                "multiqc/multiqc_plots/pdf/mqc_quast_num_contigs_1_pc.pdf",
                "multiqc/multiqc_plots/png",
                "multiqc/multiqc_plots/png/mqc_busco_plot_bacteria_odb10_1.png",
                "multiqc/multiqc_plots/png/mqc_busco_plot_bacteria_odb10_1_pc.png",
                "multiqc/multiqc_plots/png/mqc_kraken-top-n-plot_Class.png",
                "multiqc/multiqc_plots/png/mqc_kraken-top-n-plot_Class_pc.png",
                "multiqc/multiqc_plots/png/mqc_kraken-top-n-plot_Domain.png",
                "multiqc/multiqc_plots/png/mqc_kraken-top-n-plot_Domain_pc.png",
                "multiqc/multiqc_plots/png/mqc_kraken-top-n-plot_Family.png",
                "multiqc/multiqc_plots/png/mqc_kraken-top-n-plot_Family_pc.png",
                "multiqc/multiqc_plots/png/mqc_kraken-top-n-plot_Genus.png",
                "multiqc/multiqc_plots/png/mqc_kraken-top-n-plot_Genus_pc.png",
                "multiqc/multiqc_plots/png/mqc_kraken-top-n-plot_Order.png",
                "multiqc/multiqc_plots/png/mqc_kraken-top-n-plot_Order_pc.png",
                "multiqc/multiqc_plots/png/mqc_kraken-top-n-plot_Phylum.png",
                "multiqc/multiqc_plots/png/mqc_kraken-top-n-plot_Phylum_pc.png",
                "multiqc/multiqc_plots/png/mqc_kraken-top-n-plot_Root.png",
                "multiqc/multiqc_plots/png/mqc_kraken-top-n-plot_Root_pc.png",
                "multiqc/multiqc_plots/png/mqc_kraken-top-n-plot_Species.png",
                "multiqc/multiqc_plots/png/mqc_kraken-top-n-plot_Species_pc.png",
                "multiqc/multiqc_plots/png/mqc_kraken-top-n-plot_Unclassified.png",
                "multiqc/multiqc_plots/png/mqc_kraken-top-n-plot_Unclassified_pc.png",
                "multiqc/multiqc_plots/png/mqc_porechop-endtrim-barplot_1.png",
                "multiqc/multiqc_plots/png/mqc_porechop-endtrim-barplot_1_pc.png",
                "multiqc/multiqc_plots/png/mqc_porechop-middlesplit-barplot_1.png",
                "multiqc/multiqc_plots/png/mqc_porechop-middlesplit-barplot_1_pc.png",
                "multiqc/multiqc_plots/png/mqc_porechop-starttrim-barplot_1.png",
                "multiqc/multiqc_plots/png/mqc_porechop-starttrim-barplot_1_pc.png",
                "multiqc/multiqc_plots/png/mqc_prokka_plot_1.png",
                "multiqc/multiqc_plots/png/mqc_prokka_plot_1_pc.png",
                "multiqc/multiqc_plots/png/mqc_quast_num_contigs_1.png",
                "multiqc/multiqc_plots/png/mqc_quast_num_contigs_1_pc.png",
                "multiqc/multiqc_plots/svg",
                "multiqc/multiqc_plots/svg/mqc_busco_plot_bacteria_odb10_1.svg",
                "multiqc/multiqc_plots/svg/mqc_busco_plot_bacteria_odb10_1_pc.svg",
                "multiqc/multiqc_plots/svg/mqc_kraken-top-n-plot_Class.svg",
                "multiqc/multiqc_plots/svg/mqc_kraken-top-n-plot_Class_pc.svg",
                "multiqc/multiqc_plots/svg/mqc_kraken-top-n-plot_Domain.svg",
                "multiqc/multiqc_plots/svg/mqc_kraken-top-n-plot_Domain_pc.svg",
                "multiqc/multiqc_plots/svg/mqc_kraken-top-n-plot_Family.svg",
                "multiqc/multiqc_plots/svg/mqc_kraken-top-n-plot_Family_pc.svg",
                "multiqc/multiqc_plots/svg/mqc_kraken-top-n-plot_Genus.svg",
                "multiqc/multiqc_plots/svg/mqc_kraken-top-n-plot_Genus_pc.svg",
                "multiqc/multiqc_plots/svg/mqc_kraken-top-n-plot_Order.svg",
                "multiqc/multiqc_plots/svg/mqc_kraken-top-n-plot_Order_pc.svg",
                "multiqc/multiqc_plots/svg/mqc_kraken-top-n-plot_Phylum.svg",
                "multiqc/multiqc_plots/svg/mqc_kraken-top-n-plot_Phylum_pc.svg",
                "multiqc/multiqc_plots/svg/mqc_kraken-top-n-plot_Root.svg",
                "multiqc/multiqc_plots/svg/mqc_kraken-top-n-plot_Root_pc.svg",
                "multiqc/multiqc_plots/svg/mqc_kraken-top-n-plot_Species.svg",
                "multiqc/multiqc_plots/svg/mqc_kraken-top-n-plot_Species_pc.svg",
                "multiqc/multiqc_plots/svg/mqc_kraken-top-n-plot_Unclassified.svg",
                "multiqc/multiqc_plots/svg/mqc_kraken-top-n-plot_Unclassified_pc.svg",
                "multiqc/multiqc_plots/svg/mqc_porechop-endtrim-barplot_1.svg",
                "multiqc/multiqc_plots/svg/mqc_porechop-endtrim-barplot_1_pc.svg",
                "multiqc/multiqc_plots/svg/mqc_porechop-middlesplit-barplot_1.svg",
                "multiqc/multiqc_plots/svg/mqc_porechop-middlesplit-barplot_1_pc.svg",
                "multiqc/multiqc_plots/svg/mqc_porechop-starttrim-barplot_1.svg",
                "multiqc/multiqc_plots/svg/mqc_porechop-starttrim-barplot_1_pc.svg",
                "multiqc/multiqc_plots/svg/mqc_prokka_plot_1.svg",
                "multiqc/multiqc_plots/svg/mqc_prokka_plot_1_pc.svg",
                "multiqc/multiqc_plots/svg/mqc_quast_num_contigs_1.svg",
                "multiqc/multiqc_plots/svg/mqc_quast_num_contigs_1_pc.svg",
                "multiqc/multiqc_report.html",
                "pipeline_info",
                "pipeline_info/nf_core_bacass_software_mqc_versions.yml",
                "trimming",
                "trimming/longreads",
                "trimming/longreads/porechop",
                "trimming/longreads/porechop/TestMe.porechop.log"
            ],
            [
                "TestMe.consensus.fasta.gz:md5,4899e7b112077d045ecaf13daae4ae4a",
                "TestMe.fasta.gz:md5,cfde74bc269a51162851d9ae7c76207b",
                "TestMe_longreads.txt:md5,4c2a95acdff03caa1524a5328c6ab2f5",
                "mqc_busco_plot_bacteria_odb10_1.yaml:md5,20fcdbcf0d9962d242918c55db416b05",
                "mqc_kraken-top-n-plot_Class.yaml:md5,057a9ddcdb8a79e6c0fd5cfb0c0f94c9",
                "mqc_kraken-top-n-plot_Domain.yaml:md5,5ebcf9c11acdaa3f6153d668a1485907",
                "mqc_kraken-top-n-plot_Family.yaml:md5,0aa80d49818b340c9663f4867402d75b",
                "mqc_kraken-top-n-plot_Genus.yaml:md5,d6f6139b643f48cba2df5c48e3f81454",
                "mqc_kraken-top-n-plot_Order.yaml:md5,cd78a3e9e481177eb72db3ba05a48d94",
                "mqc_kraken-top-n-plot_Phylum.yaml:md5,88f41cf4228b90d8fec3250a18cf4356",
                "mqc_kraken-top-n-plot_Root.yaml:md5,7954ee7c46a1d464c2e27c3f40963ee2",
                "mqc_kraken-top-n-plot_Species.yaml:md5,ce232488b8bd073ed7532b87449aad01",
                "mqc_kraken-top-n-plot_Unclassified.yaml:md5,7d49dc19372a9a73fab2adcb418ccf44",
                "mqc_porechop-endtrim-barplot_1.yaml:md5,01be4aa5df6783634f6e8bb8208f550d",
                "mqc_porechop-middlesplit-barplot_1.yaml:md5,d7c6c6307fa5a50527bd1aa179c0dab5",
                "mqc_porechop-starttrim-barplot_1.yaml:md5,af425e12dc2f12ca3a611f24ec8cd5b7",
                "multiqc_busco.yaml:md5,226e0e15f4b333a589c94dc6f449c60b",
                "multiqc_citations.yaml:md5,683ec25d002e4678ebfdee6cfe8f1930",
                "multiqc_kraken.yaml:md5,2579a276fcd6e51c35b361fd803d6d0b",
                "multiqc_nanostat.yaml:md5,3707e05541222ccbe609d6b751f33d0d"
            ]
        ],
        "meta": {
            "nf-test": "0.9.2",
            "nextflow": "25.04.6"
        },
        "timestamp": "2025-08-29T14:03:01.12678131"
    }
}